
> alttez@2.0.0 build
> vite build

[36mvite v8.0.0 [32mbuilding client environment for production...[36m[39m
[2K
transforming...Ô£ô 2501 modules transformed.
rendering chunks...
node.exe : [31mÔ£ù[39m Build failed in 1.66s
En línea: 1 Carácter: 1
+ & "C:\Program Files\nodejs/node.exe" "C:\Program Files\nodejs/node_mo ...
+ ~~~~~~~~~~~~~~~~~~~~~~~~~~~~~~~~~~~~~~~~~~~~~~~~~~~~~~~~~~~~~~~~~~~~~
    + CategoryInfo          : NotSpecified: ([31mÔ£ù[39m Build failed in 1.66s:String) [], RemoteException
    + FullyQualifiedErrorId : NativeCommandError
 

PWA v1.2.0
mode      generateSW
precache  16 entries (1358.00 KiB)
files generated
  dist/sw.js
  dist/workbox-7eba06b2.js
[31merror during build:
[31mBuild failed with 5 errors:

[31m[MISSING_EXPORT] Error:[0m "sanitizeEmail" is not exported by "src/shared/auth/authValidation.js".
   [38;5;246mÔò¡[0m[38;5;246mÔöÇ[0m[38;5;246m[[0m src/shared/auth/components/AuthLoginForm.jsx:6:10 
[38;5;246m][0m
   [38;5;246mÔöé[0m
 [38;5;246m6 Ôöé[0m 
[38;5;249mi[0m[38;5;249mm[0m[38;5;249mp[0m[38;5;249mo[0m[38;5;249mr[0m[38;5;249mt[0m[38;5;249m 
[0m[38;5;249m{[0m[38;5;249m [0msanitizeEmail[38;5;249m [0m[38;5;249m}[0m[38;5;249m 
[0m[38;5;249mf[0m[38;5;249mr[0m[38;5;249mo[0m[38;5;249mm[0m[38;5;249m [0m[38;5;249m"[0m[38;5;249m.[0m[3
8;5;249m.[0m[38;5;249m/[0m[38;5;249ma[0m[38;5;249mu[0m[38;5;249mt[0m[38;5;249mh[0m[38;5;249mV[0m[38;5;249
ma[0m[38;5;249ml[0m[38;5;249mi[0m[38;5;249md[0m[38;5;249ma[0m[38;5;249mt[0m[38;5;249mi[0m[38;5;249mo[0m
[38;5;249mn[0m[38;5;249m"[0m[38;5;249m;[0m
 [38;5;240m  Ôöé[0m          ÔöÇÔöÇÔöÇÔöÇÔöÇÔöÇÔö¼ÔöÇÔöÇÔöÇÔöÇÔöÇÔöÇ  
 [38;5;240m  Ôöé[0m                Ôò░ÔöÇÔöÇÔöÇÔöÇÔöÇÔöÇÔöÇÔöÇ Missing export
[38;5;246mÔöÇÔöÇÔöÇÔò»[0m

[31m[MISSING_EXPORT] Error:[0m "sanitizeText" is not exported by "src/shared/auth/authValidation.js".
   [38;5;246mÔò¡[0m[38;5;246mÔöÇ[0m[38;5;246m[[0m src/shared/auth/components/AuthRegisterForm.jsx:7:10 
[38;5;246m][0m
   [38;5;246mÔöé[0m
 [38;5;246m7 Ôöé[0m 
[38;5;249mi[0m[38;5;249mm[0m[38;5;249mp[0m[38;5;249mo[0m[38;5;249mr[0m[38;5;249mt[0m[38;5;249m 
[0m[38;5;249m{[0m[38;5;249m [0msanitizeText[38;5;249m,[0m[38;5;249m [0m[38;5;249ms[0m[38;5;249ma[0m[38;5;
249mn[0m[38;5;249mi[0m[38;5;249mt[0m[38;5;249mi[0m[38;5;249mz[0m[38;5;249me[0m[38;5;249mT[0m[38;5;249me[
0m[38;5;249mx[0m[38;5;249mt[0m[38;5;249mF[0m[38;5;249mi[0m[38;5;249mn[0m[38;5;249ma[0m[38;5;249ml[0m[38;
5;249m,[0m[38;5;249m [0m[38;5;249ms[0m[38;5;249ma[0m[38;5;249mn[0m[38;5;249mi[0m[38;5;249mt[0m[38;5;249mi
[0m[38;5;249mz[0m[38;5;249me[0m[38;5;249mE[0m[38;5;249mm[0m[38;5;249ma[0m[38;5;249mi[0m[38;5;249ml[0m[3
8;5;249m,[0m[38;5;249m [0m[38;5;249ms[0m[38;5;249ma[0m[38;5;249mn[0m[38;5;249mi[0m[38;5;249mt[0m[38;5;249
mi[0m[38;5;249mz[0m[38;5;249me[0m[38;5;249mP[0m[38;5;249mh[0m[38;5;249mo[0m[38;5;249mn[0m[38;5;249me[0m
[38;5;249m [0m[38;5;249m}[0m[38;5;249m 
[0m[38;5;249mf[0m[38;5;249mr[0m[38;5;249mo[0m[38;5;249mm[0m[38;5;249m [0m[38;5;249m"[0m[38;5;249m.[0m[3
8;5;249m.[0m[38;5;249m/[0m[38;5;249ma[0m[38;5;249mu[0m[38;5;249mt[0m[38;5;249mh[0m[38;5;249mV[0m[38;5;249
ma[0m[38;5;249ml[0m[38;5;249mi[0m[38;5;249md[0m[38;5;249ma[0m[38;5;249mt[0m[38;5;249mi[0m[38;5;249mo[0m
[38;5;249mn[0m[38;5;249m"[0m[38;5;249m;[0m
 [38;5;240m  Ôöé[0m          ÔöÇÔöÇÔöÇÔöÇÔöÇÔöÇÔö¼ÔöÇÔöÇÔöÇÔöÇÔöÇ  
 [38;5;240m  Ôöé[0m                Ôò░ÔöÇÔöÇÔöÇÔöÇÔöÇÔöÇÔöÇ Missing export
[38;5;246mÔöÇÔöÇÔöÇÔò»[0m

[31m[MISSING_EXPORT] Error:[0m "sanitizeTextFinal" is not exported by "src/shared/auth/authValidation.js".
   [38;5;246mÔò¡[0m[38;5;246mÔöÇ[0m[38;5;246m[[0m src/shared/auth/components/AuthRegisterForm.jsx:7:24 
[38;5;246m][0m
   [38;5;246mÔöé[0m
 [38;5;246m7 Ôöé[0m 
[38;5;249mi[0m[38;5;249mm[0m[38;5;249mp[0m[38;5;249mo[0m[38;5;249mr[0m[38;5;249mt[0m[38;5;249m 
[0m[38;5;249m{[0m[38;5;249m [0m[38;5;249ms[0m[38;5;249ma[0m[38;5;249mn[0m[38;5;249mi[0m[38;5;249mt[0m[3
8;5;249mi[0m[38;5;249mz[0m[38;5;249me[0m[38;5;249mT[0m[38;5;249me[0m[38;5;249mx[0m[38;5;249mt[0m[38;5;249
m,[0m[38;5;249m [0msanitizeTextFinal[38;5;249m,[0m[38;5;249m [0m[38;5;249ms[0m[38;5;249ma[0m[38;5;249mn[0m
[38;5;249mi[0m[38;5;249mt[0m[38;5;249mi[0m[38;5;249mz[0m[38;5;249me[0m[38;5;249mE[0m[38;5;249mm[0m[38;5;
249ma[0m[38;5;249mi[0m[38;5;249ml[0m[38;5;249m,[0m[38;5;249m [0m[38;5;249ms[0m[38;5;249ma[0m[38;5;249mn[
0m[38;5;249mi[0m[38;5;249mt[0m[38;5;249mi[0m[38;5;249mz[0m[38;5;249me[0m[38;5;249mP[0m[38;5;249mh[0m[38;
5;249mo[0m[38;5;249mn[0m[38;5;249me[0m[38;5;249m [0m[38;5;249m}[0m[38;5;249m 
[0m[38;5;249mf[0m[38;5;249mr[0m[38;5;249mo[0m[38;5;249mm[0m[38;5;249m [0m[38;5;249m"[0m[38;5;249m.[0m[3
8;5;249m.[0m[38;5;249m/[0m[38;5;249ma[0m[38;5;249mu[0m[38;5;249mt[0m[38;5;249mh[0m[38;5;249mV[0m[38;5;249
ma[0m[38;5;249ml[0m[38;5;249mi[0m[38;5;249md[0m[38;5;249ma[0m[38;5;249mt[0m[38;5;249mi[0m[38;5;249mo[0m
[38;5;249mn[0m[38;5;249m"[0m[38;5;249m;[0m
 [38;5;240m  Ôöé[0m                        ÔöÇÔöÇÔöÇÔöÇÔöÇÔöÇÔöÇÔöÇÔö¼ÔöÇÔöÇÔöÇÔöÇÔöÇÔöÇÔöÇÔöÇ  
 [38;5;240m  Ôöé[0m                                Ôò░ÔöÇÔöÇÔöÇÔöÇÔöÇÔöÇÔöÇÔöÇÔöÇÔöÇ Missing export
[38;5;246mÔöÇÔöÇÔöÇÔò»[0m

[31m[MISSING_EXPORT] Error:[0m "sanitizeEmail" is not exported by "src/shared/auth/authValidation.js".
   [38;5;246mÔò¡[0m[38;5;246mÔöÇ[0m[38;5;246m[[0m src/shared/auth/components/AuthRegisterForm.jsx:7:43 
[38;5;246m][0m
   [38;5;246mÔöé[0m
 [38;5;246m7 Ôöé[0m 
[38;5;249mi[0m[38;5;249mm[0m[38;5;249mp[0m[38;5;249mo[0m[38;5;249mr[0m[38;5;249mt[0m[38;5;249m 
[0m[38;5;249m{[0m[38;5;249m [0m[38;5;249ms[0m[38;5;249ma[0m[38;5;249mn[0m[38;5;249mi[0m[38;5;249mt[0m[3
8;5;249mi[0m[38;5;249mz[0m[38;5;249me[0m[38;5;249mT[0m[38;5;249me[0m[38;5;249mx[0m[38;5;249mt[0m[38;5;249
m,[0m[38;5;249m [0m[38;5;249ms[0m[38;5;249ma[0m[38;5;249mn[0m[38;5;249mi[0m[38;5;249mt[0m[38;5;249mi[0m
[38;5;249mz[0m[38;5;249me[0m[38;5;249mT[0m[38;5;249me[0m[38;5;249mx[0m[38;5;249mt[0m[38;5;249mF[0m[38;5;2
49mi[0m[38;5;249mn[0m[38;5;249ma[0m[38;5;249ml[0m[38;5;249m,[0m[38;5;249m 
[0msanitizeEmail[38;5;249m,[0m[38;5;249m [0m[38;5;249ms[0m[38;5;249ma[0m[38;5;249mn[0m[38;5;249mi[0m[38;5
;249mt[0m[38;5;249mi[0m[38;5;249mz[0m[38;5;249me[0m[38;5;249mP[0m[38;5;249mh[0m[38;5;249mo[0m[38;5;249mn
[0m[38;5;249me[0m[38;5;249m [0m[38;5;249m}[0m[38;5;249m 
[0m[38;5;249mf[0m[38;5;249mr[0m[38;5;249mo[0m[38;5;249mm[0m[38;5;249m [0m[38;5;249m"[0m[38;5;249m.[0m[3
8;5;249m.[0m[38;5;249m/[0m[38;5;249ma[0m[38;5;249mu[0m[38;5;249mt[0m[38;5;249mh[0m[38;5;249mV[0m[38;5;249
ma[0m[38;5;249ml[0m[38;5;249mi[0m[38;5;249md[0m[38;5;249ma[0m[38;5;249mt[0m[38;5;249mi[0m[38;5;249mo[0m
[38;5;249mn[0m[38;5;249m"[0m[38;5;249m;[0m
 [38;5;240m  Ôöé[0m                                           ÔöÇÔöÇÔöÇÔöÇÔöÇÔöÇÔö¼ÔöÇÔöÇÔöÇÔöÇÔöÇÔöÇ  
 [38;5;240m  Ôöé[0m                                                 Ôò░ÔöÇÔöÇÔöÇÔöÇÔöÇÔöÇÔöÇÔöÇ Missing export
[38;5;246mÔöÇÔöÇÔöÇÔò»[0m

[31m[MISSING_EXPORT] Error:[0m "sanitizePhone" is not exported by "src/shared/auth/authValidation.js".
   [38;5;246mÔò¡[0m[38;5;246mÔöÇ[0m[38;5;246m[[0m src/shared/auth/components/AuthRegisterForm.jsx:7:58 
[38;5;246m][0m
   [38;5;246mÔöé[0m
 [38;5;246m7 Ôöé[0m 
[38;5;249mi[0m[38;5;249mm[0m[38;5;249mp[0m[38;5;249mo[0m[38;5;249mr[0m[38;5;249mt[0m[38;5;249m 
[0m[38;5;249m{[0m[38;5;249m [0m[38;5;249ms[0m[38;5;249ma[0m[38;5;249mn[0m[38;5;249mi[0m[38;5;249mt[0m[3
8;5;249mi[0m[38;5;249mz[0m[38;5;249me[0m[38;5;249mT[0m[38;5;249me[0m[38;5;249mx[0m[38;5;249mt[0m[38;5;249
m,[0m[38;5;249m [0m[38;5;249ms[0m[38;5;249ma[0m[38;5;249mn[0m[38;5;249mi[0m[38;5;249mt[0m[38;5;249mi[0m
[38;5;249mz[0m[38;5;249me[0m[38;5;249mT[0m[38;5;249me[0m[38;5;249mx[0m[38;5;249mt[0m[38;5;249mF[0m[38;5;2
49mi[0m[38;5;249mn[0m[38;5;249ma[0m[38;5;249ml[0m[38;5;249m,[0m[38;5;249m [0m[38;5;249ms[0m[38;5;249ma[0
m[38;5;249mn[0m[38;5;249mi[0m[38;5;249mt[0m[38;5;249mi[0m[38;5;249mz[0m[38;5;249me[0m[38;5;249mE[0m[38;5
;249mm[0m[38;5;249ma[0m[38;5;249mi[0m[38;5;249ml[0m[38;5;249m,[0m[38;5;249m [0msanitizePhone[38;5;249m 
[0m[38;5;249m}[0m[38;5;249m [0m[38;5;249mf[0m[38;5;249mr[0m[38;5;249mo[0m[38;5;249mm[0m[38;5;249m [0m[3
8;5;249m"[0m[38;5;249m.[0m[38;5;249m.[0m[38;5;249m/[0m[38;5;249ma[0m[38;5;249mu[0m[38;5;249mt[0m[38;5;249
mh[0m[38;5;249mV[0m[38;5;249ma[0m[38;5;249ml[0m[38;5;249mi[0m[38;5;249md[0m[38;5;249ma[0m[38;5;249mt[0m
[38;5;249mi[0m[38;5;249mo[0m[38;5;249mn[0m[38;5;249m"[0m[38;5;249m;[0m
 [38;5;240m  Ôöé[0m                                                          ÔöÇÔöÇÔöÇÔöÇÔöÇÔöÇÔö¼ÔöÇÔöÇÔöÇÔöÇÔöÇÔöÇ 
 
 [38;5;240m  Ôöé[0m                                                                Ôò░ÔöÇÔöÇÔöÇÔöÇÔöÇÔöÇÔöÇÔöÇ 
Missing export
[38;5;246mÔöÇÔöÇÔöÇÔò»[0m
[31m
    at aggregateBindingErrorsIntoJsError 
(file:///C:/Users/EQUIPO/alttez/node_modules/rolldown/dist/shared/error-CP8smW_P.mjs:48:18)
    at unwrapBindingResult (file:///C:/Users/EQUIPO/alttez/node_modules/rolldown/dist/shared/error-CP8smW_P.mjs:18:128)
    at #build (file:///C:/Users/EQUIPO/alttez/node_modules/rolldown/dist/shared/rolldown-build-4YnQkA76.mjs:3311:34)
    at async buildEnvironment (file:///C:/Users/EQUIPO/alttez/node_modules/vite/dist/node/chunks/node.js:32794:64)
    at async Object.build (file:///C:/Users/EQUIPO/alttez/node_modules/vite/dist/node/chunks/node.js:33216:19)
    at async Object.buildApp (file:///C:/Users/EQUIPO/alttez/node_modules/vite/dist/node/chunks/node.js:33213:153)
    at async CAC.<anonymous> (file:///C:/Users/EQUIPO/alttez/node_modules/vite/dist/node/cli.js:778:3) {
  errors: [Getter/Setter]
}[39m
